> 
> ** Welcome to the exciting world of Dungeons & Classes!
> 
> How many players want to join the adventure? (1 to 3)
? > 
< 2
> 
> Player 1 what do you wish to be called? (max length 10 characters)
? > 
< Spieler1
> Spieler1, please choose a player type:
>   [W] Wizard     0/1
>   [B] Barbarian  0/1
>   [R] Rogue      0/1
? > 
< W
> 
> Player 2 what do you wish to be called? (max length 10 characters)
? > 
< Spieler2
> Spieler2, please choose a player type:
>   [W] Wizard     1/1
>   [B] Barbarian  0/1
>   [R] Rogue      0/1
? > 
< R
> 
> -- Players --------------------------------------
>   Player 1: Wizard [W] "Spieler1"
>   Player 2: Rogue [R] "Spieler2"
> 
> ** You have entered the dungeon of the evil Lich!
> ** Help the anxious souls of the nearby village by freeing
> ** them from the monsters that haunt it!
> 
> ** Oh no, I have spotted a goblin in the room. Stay safe!
> ** Beware, there are zombies in this room!
> 
> -- ROOM 1 (0/3 completed) --------------------
> 
>      1   2   3  
>    +---+---+---+
>  1 | Z2|   |#D2|
>    +---+---+---+
>  2 |   | Z1| W |
>    +---+---+---+
>  3 | R | G1|#D0|
>    +---+---+---+
>    G1: 10/10, Z1: 15/15, Z2: 15/15
> 
> ** What do you want to do?
? > 
< player
> !! Invalid AMOUNT OF PARAMETERS.
? > 
< PLaYer
> !! Invalid AMOUNT OF PARAMETERS.
? > 
< player W
> Wizard [W] "Spieler1" on (2,3)
>   Armor Value:        0
>   Current Health:    10
>   Max Health:        10
>   Strength:           1
>   Vitality:           4
> 
> ** What do you want to do?
? > 
< Player R
> Rogue [R] "Spieler2" on (3,1)
>   Armor Value:        4
>   Current Health:    11
>   Max Health:        11
>   Strength:           2
>   Vitality:           3
> 
> ** What do you want to do?
? > 
< player B
> !! Unavailable entity or item.
? > 
<  attack r    2,2
> Rogue [R] "Spieler2" used "Rapier" on (2,2) affecting (1,3), (2,2).
> [Dice Roll] 1 d8 resulting in a total value of 2.
> 
> Zombie 1 loses 4 health (5 * 100 % - 1).
> 
> -- ROOM 1 (0/3 completed) --------------------
> 
>      1   2   3  
>    +---+---+---+
>  1 | Z2|   |#D2|
>    +---+---+---+
>  2 |   | Z1| W |
>    +---+---+---+
>  3 | R | G1|#D0|
>    +---+---+---+
>    G1: 10/10, Z1: 11/15, Z2: 15/15
> 
> ** What do you want to do?
? > 
< attack r 2,2
> Rogue [R] "Spieler2" used "Rapier" on (2,2) affecting (1,3), (2,2).
> [Dice Roll] 1 d8 resulting in a total value of 4.
> 
> Zombie 1 loses 6 health (7 * 100 % - 1).
> 
> -- ROOM 1 (0/3 completed) --------------------
> 
>      1   2   3  
>    +---+---+---+
>  1 | Z2|   |#D2|
>    +---+---+---+
>  2 |   | Z1| W |
>    +---+---+---+
>  3 | R | G1|#D0|
>    +---+---+---+
>    G1: 10/10, Z1: 5/15, Z2: 15/15
> 
> Goblin 1 [G1] used "Shortbow" on (3,1) affecting (3,1).
> [Dice Roll] 1 d6 resulting in a total value of 5.
> 
> Spieler2 loses 5 health (9 * 100 % - 4).
> 
> Zombie 1 [Z1] used "Dagger" on (2,3) affecting (2,3).
> [Dice Roll] 1 d4 resulting in a total value of 3.
> 
> Spieler1 loses 3 health (3 * 100 % - 0).
> 
> Zombie 2 [Z2] moved to (2,1).
> 
> -- ROOM 1 (0/3 completed) --------------------
> 
>      1   2   3  
>    +---+---+---+
>  1 |   |   |#D2|
>    +---+---+---+
>  2 | Z2| Z1| W |
>    +---+---+---+
>  3 | R | G1|#D0|
>    +---+---+---+
>    G1: 10/10, Z1: 5/15, Z2: 15/15
> 
> ** What do you want to do?
? > 
< player r
> Rogue [R] "Spieler2" on (3,1)
>   Armor Value:        4
>   Current Health:     6
>   Max Health:        11
>   Strength:           2
>   Vitality:           3
> 
> ** What do you want to do?
? > 
< player w
> Wizard [W] "Spieler1" on (2,3)
>   Armor Value:        0
>   Current Health:     7
>   Max Health:        10
>   Strength:           1
>   Vitality:           4
> 
> ** What do you want to do?
? > 
< qu it
> !! Invalid COMMAND.
? > 
< quit
