> 
> ** Welcome to the exciting world of Dungeons & Classes!
> 
> How many players want to join the adventure? (1 to 3)
? > 
< 2
> 
> Player 1 what do you wish to be called? (max length 10 characters)
? > 
< Spieler1
> Spieler1, please choose a player type:
>   [W] Wizard     0/1
>   [B] Barbarian  0/1
>   [R] Rogue      0/1
? > 
< W
> 
> Player 2 what do you wish to be called? (max length 10 characters)
? > 
< Spieler2
> Spieler2, please choose a player type:
>   [W] Wizard     1/1
>   [B] Barbarian  0/1
>   [R] Rogue      0/1
? > 
< R
> 
> -- Players --------------------------------------
>   Player 1: Wizard [W] "Spieler1"
>   Player 2: Rogue [R] "Spieler2"
> 
> ** You have entered the dungeon of the evil Lich!
> ** Help the anxious souls of the nearby village by freeing
> ** them from the monsters that haunt it!
> 
> ** Beware, there are zombies in this room!
> 
> -- ROOM 1 (0/3 completed) --------------------
> 
>      1   2   3  
>    +---+---+---+
>  1 |   |   |#D2|
>    +---+---+---+
>  2 |   | Z1| W |
>    +---+---+---+
>  3 |   | R |#D0|
>    +---+---+---+
>    Z1: 15/15
> 
> ** What do you want to do?
? > 
< story 123
> !! Invalid AMOUNT OF PARAMETERS.
? > 
< story
> 
> ** What do you want to do?
? > 
< attack w 2,2
> Wizard [W] "Spieler1" used "Quarterstaff of Force" on (2,2) affecting (2,2).
> [Dice Roll] 1 d10 resulting in a total value of 10.
> 
> Zombie 1 loses 9 health (10 * 100 % - 1).
> 
> -- ROOM 1 (0/3 completed) --------------------
> 
>      1   2   3  
>    +---+---+---+
>  1 |   |   |#D2|
>    +---+---+---+
>  2 |   | Z1| W |
>    +---+---+---+
>  3 |   | R |#D0|
>    +---+---+---+
>    Z1: 6/15
> 
> ** What do you want to do?
? > 
< attack r 2,2
> Rogue [R] "Spieler2" used "Rapier" on (2,2) affecting (1,2), (2,2).
> [Dice Roll] 1 d8 resulting in a total value of 4.
> 
> Zombie 1 loses 6 health (7 * 100 % - 1).
> Zombie 1 was defeated.
> 
> -- ROOM 1 (1/3 completed) --------------------
> 
>      1   2   3  
>    +---+---+---+
>  1 |   |   | D2|
>    +---+---+---+
>  2 |   | X | W |
>    +---+---+---+
>  3 |   | R | D0|
>    +---+---+---+
> 
> 
> ** What do you want to do?
? > 
< move W 1,3
> Wizard [W] "Spieler1" moved to (1,3).
> 
> -- ROOM 2 (1/3 completed) --------------------
> 
>      1   2   3  
>    +---+---+---+
>  1 |   |#D1| W |
>    +---+---+---+
>  2 |   | Z1| R |
>    +---+---+---+
>  3 |   |#D3|   |
>    +---+---+---+
>    Z1: 15/15
> 
> ** What do you want to do?
? > 
< attack R 2,2
> Rogue [R] "Spieler2" used "Rapier" on (2,2) affecting (2,1), (2,2).
> [Dice Roll] 1 d8 resulting in a total value of 2.
> 
> Zombie 1 loses 4 health (5 * 100 % - 1).
> 
> -- ROOM 2 (1/3 completed) --------------------
> 
>      1   2   3  
>    +---+---+---+
>  1 |   |#D1| W |
>    +---+---+---+
>  2 |   | Z1| R |
>    +---+---+---+
>  3 |   |#D3|   |
>    +---+---+---+
>    Z1: 11/15
> 
> ** What do you want to do?
? > 
< attack r 2,2
> Rogue [R] "Spieler2" used "Rapier" on (2,2) affecting (2,1), (2,2).
> [Dice Roll] 1 d8 resulting in a total value of 7.
> 
> Zombie 1 loses 9 health (10 * 100 % - 1).
> 
> -- ROOM 2 (1/3 completed) --------------------
> 
>      1   2   3  
>    +---+---+---+
>  1 |   |#D1| W |
>    +---+---+---+
>  2 |   | Z1| R |
>    +---+---+---+
>  3 |   |#D3|   |
>    +---+---+---+
>    Z1: 2/15
> 
> Zombie 1 [Z1] used "Dagger" on (2,3) affecting (2,3).
> [Dice Roll] 1 d4 resulting in a total value of 3.
> 
> Spieler2 loses 0 health (3 * 100 % - 4).
> 
> -- ROOM 2 (1/3 completed) --------------------
> 
>      1   2   3  
>    +---+---+---+
>  1 |   |#D1| W |
>    +---+---+---+
>  2 |   | Z1| R |
>    +---+---+---+
>  3 |   |#D3|   |
>    +---+---+---+
>    Z1: 2/15
> 
> ** What do you want to do?
? > 
< attack R 2,2
> Rogue [R] "Spieler2" used "Rapier" on (2,2) affecting (2,1), (2,2).
> [Dice Roll] 1 d8 resulting in a total value of 2.
> 
> Zombie 1 loses 2 health (5 * 100 % - 1).
> Zombie 1 was defeated.
> 
> -- ROOM 2 (2/3 completed) --------------------
> 
>      1   2   3  
>    +---+---+---+
>  1 |   | D1| W |
>    +---+---+---+
>  2 |   | X | R |
>    +---+---+---+
>  3 |   | D3|   |
>    +---+---+---+
> 
> 
> ** What do you want to do?
? > 
< STORY
> 
> ** What do you want to do?
? > 
< move W 1,2
> Wizard [W] "Spieler1" moved to (1,2).
> 
> -- ROOM 1 (2/3 completed) --------------------
> 
>      1   2   3  
>    +---+---+---+
>  1 |   | R | D2|
>    +---+---+---+
>  2 |   | X | W |
>    +---+---+---+
>  3 |   |   | D0|
>    +---+---+---+
> 
> 
> ** What do you want to do?
? > 
< move W 1,3
> Wizard [W] "Spieler1" moved to (1,3).
> 
> -- ROOM 2 (2/3 completed) --------------------
> 
>      1   2   3  
>    +---+---+---+
>  1 |   | D1| W |
>    +---+---+---+
>  2 |   | X | R |
>    +---+---+---+
>  3 |   | D3|   |
>    +---+---+---+
> 
> 
> ** What do you want to do?
? > 
< move R 3,2
> Rogue [R] "Spieler2" moved to (3,2).
> ** Can you hear the long lost voices of the fallen warriors? This is just room 3!
> 
> ** We have reached the end of the dungeon!
> ** Kill the Lich and you should all be celebrated as heroes of the dungeon.
> 
> 
> -- ROOM 3 (2/3 completed) --------------------
> 
>      1   2   3  
>    +---+---+---+
>  1 |   |#D2| W |
>    +---+---+---+
>  2 |   | L1| R |
>    +---+---+---+
>  3 |   |   |   |
>    +---+---+---+
>    L1: 50/50
> 
> ** What do you want to do?
? > 
< quit