> 
> ** Welcome to the exciting world of Dungeons & Classes!
> 
> How many players want to join the adventure? (1 to 3)
? > 
< 2
> 
> Player 1 what do you wish to be called? (max length 10 characters)
? > 
< Spieler1
> Spieler1, please choose a player type:
>   [W] Wizard     0/1
>   [B] Barbarian  0/1
>   [R] Rogue      0/1
? > 
< R
> 
> Player 2 what do you wish to be called? (max length 10 characters)
? > 
< Spieler2
> Spieler2, please choose a player type:
>   [W] Wizard     0/1
>   [B] Barbarian  0/1
>   [R] Rogue      1/1
? > 
< W
> 
> -- Players --------------------------------------
>   Player 1: Rogue [R] "Spieler1"
>   Player 2: Wizard [W] "Spieler2"
> 
> ** You have entered the dungeon of the evil Lich!
> ** Help the anxious souls of the nearby village by freeing
> ** them from the monsters that haunt it!
> 
> ** Oh no, I have spotted a goblin in the room. Stay safe!
> ** Beware, there are zombies in this room!
> 
> -- ROOM 1 (0/3 completed) --------------------
> 
>      1   2   3  
>    +---+---+---+
>  1 | Z2|   |#D2|
>    +---+---+---+
>  2 |   | Z1| R |
>    +---+---+---+
>  3 | W | G1|#D0|
>    +---+---+---+
>    G1: 10/10, Z1: 15/15, Z2: 15/15
> 
> ** What do you want to do?
? > 
< positions W
> !! Invalid AMOUNT OF PARAMETERS.
? > 
< positions 123
> !! Invalid AMOUNT OF PARAMETERS.
? > 
< POsiTIOns 33
> !! Invalid AMOUNT OF PARAMETERS.
? > 
< POSITIONS
> Rogue [R] "Spieler1" on (2,3)
> Wizard [W] "Spieler2" on (3,1)
> Goblin 1 [G1] on (3,2)
> Zombie 1 [Z1] on (2,2)
> Zombie 2 [Z2] on (1,1)
> 
> ** What do you want to do?
? > 
< move w 2,1
> Wizard [W] "Spieler2" moved to (2,1).
> 
> -- ROOM 1 (0/3 completed) --------------------
> 
>      1   2   3  
>    +---+---+---+
>  1 | Z2|   |#D2|
>    +---+---+---+
>  2 | W | Z1| R |
>    +---+---+---+
>  3 |   | G1|#D0|
>    +---+---+---+
>    G1: 10/10, Z1: 15/15, Z2: 15/15
> 
> ** What do you want to do?
? > 
< positions w
> !! Invalid AMOUNT OF PARAMETERS.
? > 
< positions
> Rogue [R] "Spieler1" on (2,3)
> Wizard [W] "Spieler2" on (2,1)
> Goblin 1 [G1] on (3,2)
> Zombie 1 [Z1] on (2,2)
> Zombie 2 [Z2] on (1,1)
> 
> ** What do you want to do?
? > 
<      quiT   
